// Jest Snapshot v1, https://goo.gl/fbAQLP

exports[`Display renders an actions component 1`] = `
Array [
  <label
    htmlFor="display-select"
  >
    View
  </label>,
  <div
    className="react-select-container css-2b097c-container"
    onKeyDown={[Function]}
  >
    <div
      className="react-select__control css-yjz7n5-control"
      onMouseDown={[Function]}
      onTouchEnd={[Function]}
    >
      <div
        className="react-select__value-container react-select__value-container--has-value css-1hwfws3"
      >
        <div
          className="react-select__single-value css-1uccc91-singleValue"
        >
          Summary view
        </div>
        <input
          className="css-62g3xt-dummyInput"
          disabled={false}
          id="react-select-2-input"
          onBlur={[Function]}
          onChange={[Function]}
          onFocus={[Function]}
          readOnly={true}
          tabIndex="0"
          value=""
        />
      </div>
      <div
        className="react-select__indicators css-1hb7zxy-IndicatorsContainer"
      >
        <span
          className="react-select__indicator-separator css-6fp5c8-indicatorSeparator"
        />
        <div
          aria-hidden="true"
          className="react-select__indicator react-select__dropdown-indicator css-tlfecz-indicatorContainer"
          onMouseDown={[Function]}
          onTouchEnd={[Function]}
        >
          <svg
            className="icon"
            dangerouslySetInnerHTML={
              Object {
                "__html": undefined,
              }
            }
            onClick={null}
            style={
              Object {
                "fill": "#007bc1",
                "height": "24px",
                "width": "auto",
              }
            }
            viewBox=""
            xmlns=""
          />
        </div>
      </div>
    </div>
    <input
      name="display-select"
      type="hidden"
      value="summary_view"
    />
  </div>,
]
`;
