// Jest Snapshot v1, https://goo.gl/fbAQLP

exports[`Toolbar renders an actions component 1`] = `
<div
  className="ui inverted vertical left fixed menu"
>
  <a
    className="blue active item"
    onClick={[Function]}
  >
    <img
      alt="Plone Toolbar"
      src="plone-toolbarlogo.svg"
    />
  </a>
  <a
    className="item"
    onClick={[Function]}
    style={Object {}}
  >
    <span>
      <i
        aria-hidden="true"
        className="folder open icon"
      />
       
      <span>
        Contents
      </span>
    </span>
  </a>
  <a
    className="item"
    onClick={[Function]}
    style={Object {}}
  >
    <span>
      <i
        aria-hidden="true"
        className="write icon"
      />
       
      <span>
        Edit
      </span>
    </span>
  </a>
  <a
    className="item active"
    onClick={[Function]}
    style={Object {}}
  >
    <span>
      <i
        aria-hidden="true"
        className="eye icon"
      />
       
      <span>
        View
      </span>
    </span>
  </a>
  <div
    id="types"
  />
  <div
    id="workflow"
  />
  <div
    id="actions"
  />
  <div
    id="display"
  />
  <a
    className="item"
    onClick={[Function]}
    style={Object {}}
  >
    <span>
      <i
        aria-hidden="true"
        className="clock icon"
      />
       
      <span>
        History
      </span>
    </span>
  </a>
  <a
    className="item"
    onClick={[Function]}
    style={Object {}}
  >
    <span>
      <i
        aria-hidden="true"
        className="users icon"
      />
       
      <span>
        Sharing
      </span>
    </span>
  </a>
  <div
    aria-busy={undefined}
    aria-disabled={undefined}
    aria-expanded={false}
    aria-multiselectable={undefined}
    className="ui item upward left pointing dropdown personal-bar"
    onBlur={[Function]}
    onChange={[Function]}
    onClick={[Function]}
    onFocus={[Function]}
    onMouseDown={[Function]}
    role="listbox"
    tabIndex={0}
  >
    <span>
      <i
        aria-hidden="true"
        className="user icon"
      />
       John Doe
    </span>
    <i
      aria-hidden="true"
      className="dropdown icon"
      onClick={[Function]}
    />
    <div
      className="menu transition"
    >
      <a
        className="item"
        onClick={[Function]}
        style={Object {}}
      >
        <span>
          <i
            aria-hidden="true"
            className="setting icon"
          />
           
          <span>
            Preferences
          </span>
        </span>
      </a>
      <a
        className="item"
        onClick={[Function]}
        style={Object {}}
      >
        <span>
          <i
            aria-hidden="true"
            className="sign out icon"
          />
           
          <span>
            Log out
          </span>
        </span>
      </a>
    </div>
  </div>
</div>
`;
