// Jest Snapshot v1, https://goo.gl/fbAQLP

exports[`Toolbar renders the Toolbar component 1`] = `
Array [
  <div
    className="toolbar-content"
    style={Object {}}
  >
    <div
      className="pusher-puller"
      style={
        Object {
          "transform": null,
        }
      }
    />
  </div>,
  <div
    className="toolbar expanded"
  >
    <div
      className="toolbar-body"
    >
      <div
        className="toolbar-actions"
      >
        <span />
        <div
          className="view-button"
        >
          View
        </div>
      </div>
      <div
        className="toolbar-bottom"
      >
        <img
          alt=""
          className="minipastanaga"
          src="pastanaga-small.svg"
        />
        <div
          className="view-button"
        >
          Bottom
        </div>
        <div
          className="divider"
        />
        <div
          className="pastanagalogo"
        >
          <img
            alt=""
            src="pastanaga.svg"
          />
        </div>
      </div>
    </div>
    <div
      className="toolbar-handler"
    >
      <button
        aria-label="Shrink toolbar"
        className=""
        onClick={[Function]}
      />
    </div>
  </div>,
  <div
    className="pusher"
  />,
]
`;
