// Jest Snapshot v1, https://goo.gl/fbAQLP

exports[`renders an align widget component 1`] = `
<div
  className="inline field align-widget"
  id="field-align"
>
  <div
    className="ui grid"
  >
    <div
      className="stretched row"
    >
      <div
        className="four wide column"
      >
        <div
          className="wrapper"
        >
          <label
            htmlFor="field-align"
          >
            Alignment
          </label>
        </div>
      </div>
      <div
        className="eight wide column"
      >
        <div>
          <div
            className="ui buttons"
          >
            <button
              aria-label="Left"
              className="ui basic icon button"
              onClick={[Function]}
            >
              <svg
                className="icon"
                dangerouslySetInnerHTML={
                  Object {
                    "__html": undefined,
                  }
                }
                onClick={null}
                style={
                  Object {
                    "fill": "currentColor",
                    "height": "24px",
                    "width": "auto",
                  }
                }
                viewBox=""
                xmlns=""
              />
            </button>
          </div>
          <div
            className="ui buttons"
          >
            <button
              aria-label="Right"
              className="ui basic icon button"
              onClick={[Function]}
            >
              <svg
                className="icon"
                dangerouslySetInnerHTML={
                  Object {
                    "__html": undefined,
                  }
                }
                onClick={null}
                style={
                  Object {
                    "fill": "currentColor",
                    "height": "24px",
                    "width": "auto",
                  }
                }
                viewBox=""
                xmlns=""
              />
            </button>
          </div>
          <div
            className="ui buttons"
          >
            <button
              aria-label="Center"
              className="ui active basic icon button"
              onClick={[Function]}
            >
              <svg
                className="icon"
                dangerouslySetInnerHTML={
                  Object {
                    "__html": undefined,
                  }
                }
                onClick={null}
                style={
                  Object {
                    "fill": "currentColor",
                    "height": "24px",
                    "width": "auto",
                  }
                }
                viewBox=""
                xmlns=""
              />
            </button>
          </div>
          <div
            className="ui buttons"
          >
            <button
              aria-label="Full"
              className="ui basic icon button"
              onClick={[Function]}
            >
              <svg
                className="icon"
                dangerouslySetInnerHTML={
                  Object {
                    "__html": undefined,
                  }
                }
                onClick={null}
                style={
                  Object {
                    "fill": "currentColor",
                    "height": "24px",
                    "width": "auto",
                  }
                }
                viewBox=""
                xmlns=""
              />
            </button>
          </div>
        </div>
      </div>
    </div>
  </div>
</div>
`;
