// Jest Snapshot v1, https://goo.gl/fbAQLP

exports[`renders a file widget component 1`] = `
<div>
  <div
    class="inline field"
  >
    <div
      class="ui grid"
    >
      <div
        class="stretched row"
      >
        <div
          class="four wide column"
        >
          <div
            class="wrapper"
          >
            <label
              for="field-my-field"
            >
              My field
            </label>
          </div>
        </div>
        <div
          class="eight wide column"
        >
          <div
            class="file-widget-dropzone"
            tabindex="0"
          >
            <div
              class="dropzone-placeholder"
            >
              <p
                class="dropzone-text"
              >
                Drop file here to upload a new file
              </p>
            </div>
            <label
              class="label-file-widget-input"
            >
              Choose a file
            </label>
            <input
              autocomplete="off"
              id="field-my-field"
              multiple=""
              name="my-field"
              style="display: none;"
              tabindex="-1"
              type="file"
            />
          </div>
          <div
            class="field-file-name"
          />
        </div>
      </div>
    </div>
  </div>
  ,
</div>
`;
