// Jest Snapshot v1, https://goo.gl/fbAQLP

exports[`renders a number widget component 1`] = `
Array [
  <div
    className="inline field"
    id="field-my-field"
  >
    <div
      className="ui grid"
    >
      <div
        className="stretched row"
      >
        <div
          className="four wide column"
        >
          <div
            className="wrapper"
          >
            <label
              htmlFor="field-my-field"
            >
              My field
            </label>
          </div>
        </div>
        <div
          className="eight wide column"
        >
          <div
            className="ui input"
          >
            <input
              id="field-my-field"
              name="my-field"
              onChange={[Function]}
              type="number"
              value={0}
            />
          </div>
        </div>
      </div>
    </div>
  </div>,
  ",",
]
`;
