// Jest Snapshot v1, https://goo.gl/fbAQLP

exports[`renders an object list widget component 1`] = `
<DocumentFragment>
  <div
    class="objectlist-widget"
  >
    <div
      class="inline required field help objectlist field-wrapper-my-widget"
    >
      <div
        class="ui grid"
      >
        <div
          class="stretched row"
        >
          <div
            class="four wide column"
          >
            <div
              class="wrapper"
            >
              <label
                id="fieldset-my-field-set-field-label-my-widget"
              >
                My Widget
              </label>
            </div>
          </div>
          <div
            class="eight wide column"
          >
            <div
              class="toolbar"
              style="z-index: 2;"
            >
              <button
                aria-label="Edit"
                class="item ui noborder button"
              >
                <i
                  aria-hidden="true"
                  class="blue write square large icon"
                />
              </button>
              <button
                aria-label="Delete"
                class="item ui noborder button"
              >
                <i
                  aria-hidden="true"
                  class="red close large icon"
                />
              </button>
            </div>
            <div
              class="add-item-button-wrapper"
            >
              <button
                aria-label="Add Link"
                class="ui compact icon button"
              >
                <svg
                  class="icon"
                  style="height: 18px; width: auto; fill: currentColor;"
                  viewBox=""
                  xmlns=""
                />
                 Add Link
              </button>
            </div>
          </div>
        </div>
        <div
          class="stretched row"
        >
          <div
            class="stretched twelve wide column"
          >
            <p
              class="help"
            >
              My description
            </p>
          </div>
        </div>
      </div>
    </div>
  </div>
</DocumentFragment>
`;
