// Jest Snapshot v1, https://goo.gl/fbAQLP

exports[`renders a schema widget component 1`] = `
<div>
  <div
    className="ui raised segments"
  >
    <div
      className="ui pointing secondary attached tabular menu"
      role="tablist"
    >
      <div
        className="item active"
        onClick={[Function]}
        style={
          Object {
            "opacity": 1,
          }
        }
      >
        <i
          aria-hidden="true"
          className="grey bars icon drag handle"
        />
        <button
          className="item ui noborder button"
          onClick={[Function]}
        >
          <i
            aria-hidden="true"
            className="blue write square large icon"
            onClick={[Function]}
          />
        </button>
        <button
          className="item ui noborder button"
          onClick={[Function]}
        >
          <i
            aria-hidden="true"
            className="red close large icon"
            onClick={[Function]}
          />
        </button>
      </div>
      <div
        className="item"
      >
        <button
          aria-label="Add"
          className="item ui noborder button"
          onClick={[Function]}
        >
          <i
            aria-hidden="true"
            className="plus large icon"
            onClick={[Function]}
          />
        </button>
      </div>
    </div>
    <div
      className="inline field"
    >
      <div
        className="ui grid"
      >
        <div
          className="stretched row"
        >
          <div
            className="twelve wide column"
          >
            <div
              className="wrapper"
            >
              <label
                htmlFor="addfield"
              >
                Add new field
              </label>
            </div>
            <div
              className="toolbar"
            >
              <button
                aria-label="Add"
                className="item ui noborder button"
                id="addfield"
                onClick={[Function]}
              >
                <i
                  aria-hidden="true"
                  className="blue plus large icon"
                  onClick={[Function]}
                />
              </button>
            </div>
          </div>
        </div>
      </div>
    </div>
  </div>
</div>
`;
