// Jest Snapshot v1, https://goo.gl/fbAQLP

exports[`renders a text widget component 1`] = `
<div
  className="inline field text"
  id="field-my-field"
>
  <div
    className="ui grid"
  >
    <div
      className="stretched row"
    >
      <div
        className="four wide column"
      >
        <div
          className="wrapper"
        >
          <label
            htmlFor="field-my-field"
          >
            My field
          </label>
        </div>
      </div>
      <div
        className="eight wide column"
      >
        <div
          className="ui input"
        >
          <input
            disabled={false}
            id="field-my-field"
            max={null}
            maxLength={null}
            min={null}
            minLength={null}
            name="my-field"
            onBlur={[Function]}
            onChange={[Function]}
            onClick={[Function]}
            step={null}
            type=""
            value=""
          />
        </div>
      </div>
    </div>
  </div>
</div>
`;
