// Jest Snapshot v1, https://goo.gl/fbAQLP

exports[`renders a text widget component 1`] = `
<div
  className="field"
>
  <label
    htmlFor="field-my-field"
  >
    My field
  </label>
  <div
    className="ui input"
  >
    <input
      disabled={undefined}
      id="field-my-field"
      name="my-field"
      onChange={[Function]}
      tabIndex={undefined}
      type="text"
      value=""
    />
  </div>
</div>
`;
