// Jest Snapshot v1, https://goo.gl/fbAQLP

exports[`renders a dictionary widget component 1`] = `
<div
  className="inline field vocabularytermswidget dictwidget field-wrapper-test-dict"
>
  <div
    className="ui grid"
  >
    <div
      className="stretched row"
    >
      <div
        className="four wide column"
      >
        <div
          className="wrapper"
        >
          <label
            htmlFor="field-test-dict"
            id="fieldset-default-field-label-test-dict"
          >
            My Vocabulary
          </label>
        </div>
      </div>
      <div
        className="eight wide column"
      >
        <div
          className="add-item-button-wrapper"
        >
          <button
            aria-label="Vocabulary term"
            className="ui button"
            onClick={[Function]}
          >
            <svg
              className="icon"
              dangerouslySetInnerHTML={
                Object {
                  "__html": undefined,
                }
              }
              onClick={null}
              style={
                Object {
                  "fill": "currentColor",
                  "height": "18px",
                  "width": "auto",
                }
              }
              viewBox=""
              xmlns=""
            />
            Add term
          </button>
        </div>
      </div>
    </div>
  </div>
</div>
`;
