// Jest Snapshot v1, https://goo.gl/fbAQLP

exports[`Editbar renders a editbar component 1`] = `
<div
  className="ui compact labeled icon editbar menu"
>
  <a
    className="item"
    onClick={[Function]}
  >
    <i
      aria-hidden="true"
      className="font icon"
    />
    Text
  </a>
  <div
    className="item"
    onClick={[Function]}
  >
    <i
      aria-hidden="true"
      className="image icon"
    />
    Media
  </div>
  <div
    className="item"
    onClick={[Function]}
  >
    <i
      aria-hidden="true"
      className="checkmark box icon"
    />
    Field
  </div>
  <div
    className="item"
    onClick={[Function]}
  >
    <i
      aria-hidden="true"
      className="browser icon"
    />
    App
  </div>
  <div
    className="item"
    onClick={[Function]}
  >
    <i
      aria-hidden="true"
      className="red cancel icon"
    />
    Cancel
  </div>
  <div
    className="item"
    onClick={[Function]}
  >
    <i
      aria-hidden="true"
      className="blue save icon"
    />
    Save
  </div>
</div>
`;
