// Jest Snapshot v1, https://goo.gl/fbAQLP

exports[`UsersControlpanel renders a user control component 1`] = `
<div
  className="ui container users-control-panel"
>
  <div
    className="container"
  />
  <div
    className="ui raised segments"
  >
    <div
      className="ui segment primary"
    >
      Users and groups settings
    </div>
    <div
      className="ui segment"
    >
      Users
    </div>
    <div
      className="ui segment"
    >
      <form
        className="ui form"
        onSubmit={[Function]}
      >
        <div
          className="field"
        >
          <div
            className="ui action input"
          >
            <input
              id="user-search-input"
              name="SearchableText"
              onChange={[Function]}
              placeholder="Search users…"
              type="text"
            />
            <button
              className="ui icon button"
              onClick={[Function]}
            >
              <i
                aria-hidden="true"
                className="search icon"
                onClick={[Function]}
              />
            </button>
          </div>
        </div>
      </form>
    </div>
    <form
      className="ui form"
      onSubmit={[Function]}
    >
      <div
        className="table"
      >
        <table
          className="ui striped unstackable attached padded table"
        >
          <thead
            className=""
          >
            <tr
              className=""
            >
              <th
                className=""
              >
                User name
              </th>
              <th
                className=""
              >
                Actions
              </th>
            </tr>
          </thead>
          <tbody
            className=""
            data-user="users"
          />
        </table>
      </div>
    </form>
    <div
      className="ui clearing segment actions"
    >
      <div
        style={
          Object {
            "cursor": "pointer",
            "display": "inline-flex",
            "float": "left",
          }
        }
      >
        <h4
          className="ui icon center aligned header"
          onClick={[Function]}
        >
          <div
            className="content"
            style={
              Object {
                "marginTop": "3px",
              }
            }
          >
            Add new user
          </div>
          <svg
            className="icon addSVG"
            dangerouslySetInnerHTML={
              Object {
                "__html": "<title>Add</title>undefined",
              }
            }
            onClick={null}
            style={
              Object {
                "fill": "currentColor",
                "height": "28px",
                "width": "auto",
              }
            }
            viewBox=""
            xmlns=""
          />
        </h4>
      </div>
      <div
        style={
          Object {
            "cursor": "pointer",
            "display": "inline-flex",
            "float": "right",
          }
        }
      >
        <h4
          className="ui center aligned header"
          onClick={[Function]}
        >
          <div
            className="content"
            style={
              Object {
                "marginTop": "3px",
              }
            }
          >
            Save
          </div>
          <svg
            className="icon addSVG"
            dangerouslySetInnerHTML={
              Object {
                "__html": "<title>Save</title>undefined",
              }
            }
            onClick={null}
            style={
              Object {
                "fill": "currentColor",
                "height": "28px",
                "width": "auto",
              }
            }
            viewBox=""
            xmlns=""
          />
        </h4>
      </div>
    </div>
    <div
      className="ui divider"
    />
    <div
      className="ui segment"
    >
      Groups
    </div>
    <div
      className="ui segment"
    >
      <form
        className="ui form"
        onSubmit={[Function]}
      >
        <div
          className="field"
        >
          <div
            className="ui action input"
          >
            <input
              id="group-search-input"
              name="SearchableText"
              onChange={[Function]}
              placeholder="Search group…"
              type="text"
            />
            <button
              className="ui icon button"
              onClick={[Function]}
            >
              <i
                aria-hidden="true"
                className="search icon"
                onClick={[Function]}
              />
            </button>
          </div>
        </div>
      </form>
    </div>
    <form
      className="ui form"
      onSubmit={[Function]}
    >
      <div
        className="table"
      >
        <table
          className="ui striped unstackable attached padded table"
        >
          <thead
            className=""
          >
            <tr
              className=""
            >
              <th
                className=""
              >
                Groupname
              </th>
              <th
                className=""
              >
                Actions
              </th>
            </tr>
          </thead>
          <tbody
            className=""
            data-group="groups"
          />
        </table>
      </div>
    </form>
    <div
      className="ui clearing segment actions"
    >
      <div
        style={
          Object {
            "cursor": "pointer",
            "display": "inline-flex",
            "float": "left",
          }
        }
      >
        <h4
          className="ui icon center aligned header"
          onClick={[Function]}
        >
          <div
            className="content"
            style={
              Object {
                "marginTop": "3px",
              }
            }
          >
            Add new group
          </div>
          <svg
            className="icon addSVG"
            dangerouslySetInnerHTML={
              Object {
                "__html": "<title>Add</title>undefined",
              }
            }
            onClick={null}
            style={
              Object {
                "fill": "currentColor",
                "height": "28px",
                "width": "auto",
              }
            }
            viewBox=""
            xmlns=""
          />
        </h4>
      </div>
      <div
        style={
          Object {
            "cursor": "pointer",
            "display": "inline-flex",
            "float": "right",
          }
        }
      >
        <h4
          className="ui center aligned header"
          onClick={[Function]}
        >
          <div
            className="content"
            style={
              Object {
                "marginTop": "3px",
              }
            }
          >
            Save
          </div>
          <svg
            className="icon addSVG"
            dangerouslySetInnerHTML={
              Object {
                "__html": "<title>Save</title>undefined",
              }
            }
            onClick={null}
            style={
              Object {
                "fill": "currentColor",
                "height": "28px",
                "width": "auto",
              }
            }
            viewBox=""
            xmlns=""
          />
        </h4>
      </div>
    </div>
  </div>
  <div
    id="Portal"
  />
</div>
`;
