// Jest Snapshot v1, https://goo.gl/fbAQLP

exports[`UsersControlpanelUser renders a UsersControlpanelUser component 1`] = `
<tr
  className=""
>
  <td
    className=""
  >
    Test User
  </td>
  <td
    className=""
  >
    <div
      className="ui checked fitted checkbox"
      color="#007eb1"
      onChange={[Function]}
      onClick={[Function]}
      onMouseDown={[Function]}
      onMouseUp={[Function]}
      size="25px"
    >
      <input
        checked={true}
        className="hidden"
        name="Member"
        readOnly={true}
        tabIndex={0}
        title="Global role"
        type="checkbox"
        value="http://localhost:8080/Plone/@users/testuser"
      />
      <label />
    </div>
  </td>
  <td
    className=""
  >
    <div
      className="ui fitted checkbox"
      color="#826a6a"
      onChange={[Function]}
      onClick={[Function]}
      onMouseDown={[Function]}
      onMouseUp={[Function]}
      size="25px"
    >
      <input
        checked={false}
        className="hidden"
        name="Reader"
        readOnly={true}
        tabIndex={0}
        title="Global role"
        type="checkbox"
        value="http://localhost:8080/Plone/@users/testuser"
      />
      <label />
    </div>
  </td>
  <td
    className=""
  >
    <div
      className="ui fitted checkbox"
      color="#826a6a"
      onChange={[Function]}
      onClick={[Function]}
      onMouseDown={[Function]}
      onMouseUp={[Function]}
      size="25px"
    >
      <input
        checked={false}
        className="hidden"
        name="Manager"
        readOnly={true}
        tabIndex={0}
        title="Global role"
        type="checkbox"
        value="http://localhost:8080/Plone/@users/testuser"
      />
      <label />
    </div>
  </td>
  <td
    className="right aligned"
  >
    <div
      aria-expanded={false}
      className="ui dropdown"
      onBlur={[Function]}
      onChange={[Function]}
      onClick={[Function]}
      onFocus={[Function]}
      onMouseDown={[Function]}
      role="listbox"
      tabIndex={0}
    >
      <div
        aria-live="polite"
        className="text"
        role="alert"
      />
      <i
        aria-hidden="true"
        className="ellipsis horizontal icon"
        onClick={[Function]}
      />
      <div
        className="menu transition left"
      >
        <div
          className="item"
          onClick={[Function]}
          role="option"
        >
          <svg
            className="icon"
            dangerouslySetInnerHTML={
              Object {
                "__html": undefined,
              }
            }
            onClick={null}
            style={
              Object {
                "fill": "currentColor",
                "height": "15px",
                "width": "auto",
              }
            }
            viewBox=""
            xmlns=""
          />
          <span>
            Delete
          </span>
        </div>
      </div>
    </div>
  </td>
</tr>
`;
