// Jest Snapshot v1, https://goo.gl/fbAQLP

exports[`ContentsItem renders a contents item component 1`] = `
<tr
  style={
    Object {
      "opacity": 1,
    }
  }
>
  <td
    className=""
  >
    <div
      style={
        Object {
          "display": "inline-block",
        }
      }
    >
      <button
        className="ui basic icon button"
        onClick={[Function]}
      >
        <svg
          className="icon content drag handle"
          dangerouslySetInnerHTML={
            Object {
              "__html": undefined,
            }
          }
          onClick={null}
          style={
            Object {
              "fill": "#878f93",
              "height": "20px",
              "width": "auto",
            }
          }
          viewBox=""
          xmlns=""
        />
      </button>
    </div>
  </td>
  <td
    className=""
  >
    <button
      aria-label="Checked"
      className="ui basic icon button"
      onClick={[Function]}
    >
      <svg
        className="icon unchecked"
        dangerouslySetInnerHTML={
          Object {
            "__html": undefined,
          }
        }
        onClick={null}
        style={
          Object {
            "fill": "#826a6a",
            "height": "24px",
            "width": "auto",
          }
        }
        viewBox=""
        xmlns=""
      />
    </button>
  </td>
  <td
    className=""
  >
    <a
      className="icon-align-name"
      href="/blog"
      onClick={[Function]}
      title="Document"
    >
      <div
        className="expire-align"
      >
        <svg
          className="icon icon-margin"
          dangerouslySetInnerHTML={
            Object {
              "__html": undefined,
            }
          }
          onClick={null}
          style={
            Object {
              "fill": "#878f93",
              "height": "20px",
              "width": "auto",
            }
          }
          viewBox=""
          xmlns=""
        />
         
        <span>
           
          Blog
        </span>
      </div>
    </a>
  </td>
  <td
    className=""
  >
    Blog
  </td>
  <td
    className="right aligned"
  >
    <div
      aria-expanded={false}
      className="ui dropdown row-actions"
      onBlur={[Function]}
      onChange={[Function]}
      onClick={[Function]}
      onFocus={[Function]}
      onMouseDown={[Function]}
      role="listbox"
      tabIndex={0}
    >
      <div
        aria-atomic={true}
        aria-live="polite"
        className="text"
        role="alert"
      />
      <svg
        className="icon"
        dangerouslySetInnerHTML={
          Object {
            "__html": undefined,
          }
        }
        onClick={[Function]}
        style={
          Object {
            "fill": "#007eb1",
            "height": "24px",
            "width": "auto",
          }
        }
        viewBox=""
        xmlns=""
      />
      <div
        className="menu transition left"
      >
        <a
          className="item icon-align"
          href="/blog/edit"
          onClick={[Function]}
        >
          <svg
            className="icon"
            dangerouslySetInnerHTML={
              Object {
                "__html": undefined,
              }
            }
            onClick={null}
            style={
              Object {
                "fill": "#007eb1",
                "height": "24px",
                "width": "auto",
              }
            }
            viewBox=""
            xmlns=""
          />
           
          Edit
        </a>
        <a
          className="item right-dropdown icon-align"
          href="/blog"
          onClick={[Function]}
        >
          <svg
            className="icon"
            dangerouslySetInnerHTML={
              Object {
                "__html": undefined,
              }
            }
            onClick={null}
            style={
              Object {
                "fill": "#007eb1",
                "height": "24px",
                "width": "auto",
              }
            }
            viewBox=""
            xmlns=""
          />
           
          View
        </a>
        <div
          className="divider"
        />
        <div
          className="item right-dropdown icon-align"
          onClick={[Function]}
          role="option"
        >
          <svg
            className="icon"
            dangerouslySetInnerHTML={
              Object {
                "__html": undefined,
              }
            }
            onClick={null}
            style={
              Object {
                "fill": "#007eb1",
                "height": "24px",
                "width": "auto",
              }
            }
            viewBox=""
            xmlns=""
          />
           
          Cut
        </div>
        <div
          className="item right-dropdown icon-align"
          onClick={[Function]}
          role="option"
        >
          <svg
            className="icon"
            dangerouslySetInnerHTML={
              Object {
                "__html": undefined,
              }
            }
            onClick={null}
            style={
              Object {
                "fill": "#007eb1",
                "height": "24px",
                "width": "auto",
              }
            }
            viewBox=""
            xmlns=""
          />
           
          Copy
        </div>
        <div
          className="item right-dropdown icon-align"
          onClick={[Function]}
          role="option"
        >
          <svg
            className="icon"
            dangerouslySetInnerHTML={
              Object {
                "__html": undefined,
              }
            }
            onClick={null}
            style={
              Object {
                "fill": "#e40166",
                "height": "24px",
                "width": "auto",
              }
            }
            viewBox=""
            xmlns=""
          />
           
          Delete
        </div>
        <div
          className="divider"
        />
        <div
          className="item right-dropdown icon-align"
          onClick={[Function]}
          role="option"
        >
          <svg
            className="icon"
            dangerouslySetInnerHTML={
              Object {
                "__html": undefined,
              }
            }
            onClick={null}
            style={
              Object {
                "fill": "#007eb1",
                "height": "24px",
                "width": "auto",
              }
            }
            viewBox=""
            xmlns=""
          />
           
          Move to top of folder
        </div>
        <div
          className="item right-dropdown icon-align"
          onClick={[Function]}
          role="option"
        >
          <svg
            className="icon"
            dangerouslySetInnerHTML={
              Object {
                "__html": undefined,
              }
            }
            onClick={null}
            style={
              Object {
                "fill": "#007eb1",
                "height": "24px",
                "width": "auto",
              }
            }
            viewBox=""
            xmlns=""
          />
           
          Move to bottom of folder
        </div>
      </div>
    </div>
  </td>
</tr>
`;
