// Jest Snapshot v1, https://goo.gl/fbAQLP

exports[`ContentsItem renders a contents item component 1`] = `
<tr
  style={
    Object {
      "opacity": 1,
    }
  }
>
  <td
    className=""
  >
    <i
      aria-hidden="true"
      className="grey content icon drag handle"
    />
  </td>
  <td
    className=""
  >
    <i
      aria-hidden="true"
      className="black square outline icon"
      onClick={[Function]}
      value="/blog"
    />
  </td>
  <td
    className=""
  >
    <a
      href="/blog"
      onClick={[Function]}
    >
      <i
        aria-hidden="true"
        className="file text outline icon"
        onClick={[Function]}
      />
       
      Blog
    </a>
  </td>
  <td
    className=""
  >
    Blog
  </td>
  <td
    className="right aligned"
  >
    <div
      aria-expanded={false}
      className="ui dropdown"
      onBlur={[Function]}
      onChange={[Function]}
      onClick={[Function]}
      onFocus={[Function]}
      onMouseDown={[Function]}
      role="listbox"
      tabIndex={0}
    >
      <div
        aria-atomic={true}
        aria-live="polite"
        className="text"
        role="alert"
      />
      <i
        aria-hidden="true"
        className="ellipsis horizontal icon"
        onClick={[Function]}
      />
      <div
        className="menu transition left"
      >
        <a
          className="item"
          href="/blog/edit"
          onClick={[Function]}
        >
          <i
            aria-hidden="true"
            className="write icon"
            onClick={[Function]}
          />
           
          Edit
        </a>
        <a
          className="item"
          href="/blog"
          onClick={[Function]}
        >
          <i
            aria-hidden="true"
            className="eye icon"
            onClick={[Function]}
          />
           
          View
        </a>
        <div
          className="divider"
        />
        <div
          className="item"
          onClick={[Function]}
          role="option"
        >
          <i
            aria-hidden="true"
            className="cut icon"
            onClick={[Function]}
          />
           
          Cut
        </div>
        <div
          className="item"
          onClick={[Function]}
          role="option"
        >
          <i
            aria-hidden="true"
            className="copy icon"
            onClick={[Function]}
          />
           
          Copy
        </div>
        <div
          className="item"
          onClick={[Function]}
          role="option"
        >
          <i
            aria-hidden="true"
            className="trash icon"
            onClick={[Function]}
          />
           
          Delete
        </div>
        <div
          className="divider"
        />
        <div
          className="item"
          onClick={[Function]}
          role="option"
        >
          <i
            aria-hidden="true"
            className="arrow up icon"
            onClick={[Function]}
          />
           
          Move to top of folder
        </div>
        <div
          className="item"
          onClick={[Function]}
          role="option"
        >
          <i
            aria-hidden="true"
            className="arrow down icon"
            onClick={[Function]}
          />
           
          Move to bottom of folder
        </div>
      </div>
    </div>
  </td>
</tr>
`;
