// Jest Snapshot v1, https://goo.gl/fbAQLP

exports[`Logo renders a logo component 1`] = `
<a
  className={null}
  href="/"
  onClick={[Function]}
  target={null}
  title="Site"
>
  <img
    alt="Plone Site"
    className="ui image"
    height="40.7"
    src="Logo.svg"
    title="Plone Site"
    width="158.2"
  />
</a>
`;
