// Jest Snapshot v1, https://goo.gl/fbAQLP

exports[`Logo renders a logo component 1`] = `
<a
  className={null}
  href="http://localhost:3000"
  rel="noopener noreferrer"
  target="_blank"
  title="site title"
>
  <img
    alt="site title"
    className="ui image"
    src="Logo.svg"
    title="site title"
  />
</a>
`;
