// Jest Snapshot v1, https://goo.gl/fbAQLP

exports[`renders an image view component 1`] = `
<div
  className="ui container view-wrapper"
>
  <h1
    className="documentFirstHeading"
  >
    Hello World!
  </h1>
  <p
    className="documentDescription"
  >
    Hi
  </p>
  <a
    href="file:///preview.jpg"
  >
    <picture
      className="volto-image responsive"
    >
      <source
        sizes="100vw"
        srcSet={
          Array [
            "file:///preview.jpg 400w",
          ]
        }
      />
      <img
        alt="Hello World!"
        height={400}
        role="img"
        src="file:///preview.jpg"
        width={400}
      />
    </picture>
    <figcaption>
      Size: 123 kB
        —  
      Click to download full sized image
    </figcaption>
  </a>
</div>
`;
