// Jest Snapshot v1, https://goo.gl/fbAQLP

exports[`Actions renders an actions component 1`] = `
<div
  aria-expanded={false}
  className="ui item dropdown"
  id="toolbar-actions"
  onBlur={[Function]}
  onChange={[Function]}
  onClick={[Function]}
  onFocus={[Function]}
  onKeyDown={[Function]}
  onMouseDown={[Function]}
  role="listbox"
  tabIndex={0}
>
  <span>
    <i
      aria-hidden="true"
      className="lightning big icon"
      onClick={[Function]}
    />
     
    Actions
  </span>
  <i
    aria-hidden="true"
    className="dropdown icon"
    onClick={[Function]}
  />
  <div
    className="menu transition"
  >
    <div
      className="RenameModal"
    />
  </div>
</div>
`;
