// Jest Snapshot v1, https://goo.gl/fbAQLP

exports[`Actions renders an actions component 1`] = `
<div
  aria-expanded="false"
  class="ui item dropdown"
  id="toolbar-actions"
  role="listbox"
  tabindex="0"
>
  <span>
    <i
      aria-hidden="true"
      class="lightning big icon"
    />
     
    Actions
  </span>
  <i
    aria-hidden="true"
    class="dropdown icon"
  />
  <div
    class="menu transition"
  >
    <div
      class="item"
      role="option"
    >
      <i
        aria-hidden="true"
        class="cut icon"
      />
      <span
        class="text"
      >
        Cut
      </span>
    </div>
    <div
      class="item"
      role="option"
    >
      <i
        aria-hidden="true"
        class="copy icon"
      />
      <span
        class="text"
      >
        Copy
      </span>
    </div>
    <a
      class="item"
      href="/test/delete"
    >
      <i
        aria-hidden="true"
        class="trash icon"
      />
      Delete
    </a>
    <div
      class="item"
      role="option"
    >
      <i
        aria-hidden="true"
        class="text cursor icon"
      />
      <span
        class="text"
      >
        Rename
      </span>
    </div>
    <div
      class="RenameModal"
    />
  </div>
</div>
`;
