// Jest Snapshot v1, https://goo.gl/fbAQLP

exports[`renders a view hero component 1`] = `
<div
  className="block hero"
>
  <div
    className="block-inner-wrapper"
  >
    <div
      className="image-upload-widget-image"
      onClick={[Function]}
      onKeyDown={[Function]}
      role="toolbar"
    >
      <div
        className="image-upload-widget-toolbar"
      >
        <div
          className="ui buttons"
        >
          <button
            className="ui basic icon button"
            onClick={[Function]}
          >
            <svg
              className="icon circled"
              dangerouslySetInnerHTML={
                Object {
                  "__html": undefined,
                }
              }
              onClick={null}
              style={
                Object {
                  "fill": "#e40166",
                  "height": "24px",
                  "width": "auto",
                }
              }
              viewBox=""
              xmlns=""
            />
          </button>
        </div>
      </div>
      <img
        alt=""
        className="hero-image"
        src="heroimage.jpg/@@images/image/teaser"
      />
    </div>
    <div
      className="hero-body"
    >
      <div
        className="hero-text"
      />
    </div>
  </div>
</div>
`;
