exports[`test renders a not found component 1`] = `
<div
  id="portal-searchbox">
  <form
    action="/search"
    className="pat-livesearch"
    id="searchGadget_form"
    onSubmit={[Function]}
    role="search">
    <div
      className="LSBox">
      <label
        className="hiddenStructure"
        htmlFor="searchGadget">
        Search Site
      </label>
      <input
        autoComplete="off"
        className="searchField"
        id="searchGadget"
        name="SearchableText"
        placeholder="Search Site"
        size="18"
        title="Search Site"
        type="text" />
      <ul
        className="livesearch-results"
        style={
          Object {
            "display": "none",
          }
        } />
      <input
        className="searchButton"
        type="submit"
        value="Search" />
      <div
        className="searchSection">
        <input
          className="noborder"
          id="searchbox_currentfolder_only"
          name="path"
          type="checkbox"
          value="/Plone18" />
        <label
          htmlFor="searchbox_currentfolder_only"
          style={
            Object {
              "cursor": "pointer",
            }
          }>
          only in current section
        </label>
      </div>
    </div>
  </form>
</div>
`;
