// Jest Snapshot v1, https://goo.gl/fbAQLP

exports[`SearchWidget renders a search widget component 1`] = `
<form
  action="/search"
  className="ui form"
  onSubmit={[Function]}
>
  <div
    className="field"
  >
    <div
      className="ui action input"
    >
      <input
        name="SearchableText"
        onChange={[Function]}
        placeholder="Search Site"
        type="text"
        value=""
      />
      <button
        className="ui button button"
        onClick={[Function]}
        tabIndex={undefined}
      >
        Search
      </button>
    </div>
  </div>
  <div
    className="field"
  >
    <div
      className="ui checkbox"
      onChange={[Function]}
      onClick={[Function]}
      onMouseDown={[Function]}
    >
      <input
        checked={false}
        className="hidden"
        name={undefined}
        readOnly={true}
        tabIndex={0}
        type="checkbox"
        value={undefined}
      />
      <label>
        only in current section
      </label>
    </div>
  </div>
</form>
`;
