// Jest Snapshot v1, https://goo.gl/fbAQLP

exports[`renders a view title component 1`] = `
<h1
  className="documentFirstHeading"
  id="my-title"
  tabIndex={0}
>
  My Title
  <a
    aria-hidden="true"
    className="anchor"
    href="/#my-title"
    onClick={[Function]}
    tabIndex={-1}
    target={null}
    title={null}
  >
    <svg
      dangerouslySetInnerHTML={
        Object {
          "__html": undefined,
        }
      }
      height={null}
      onClick={[Function]}
      viewBox=""
      xmlns=""
    />
  </a>
</h1>
`;
