// Jest Snapshot v1, https://goo.gl/fbAQLP

exports[`renders an edit listing tile component 1`] = `
<div>
  <form
    className="query-wrapper"
    onSubmit={[Function]}
  >
    <input
      className="query"
      name="query"
      onChange={[Function]}
      placeholder="query"
      value=""
    />
  </form>
  <div
    className="tile listing"
  >
    <span>
      No results found.
    </span>
  </div>
</div>
`;
