// Jest Snapshot v1, https://goo.gl/fbAQLP

exports[`FilterList renders filters listing component for search block 1`] = `
<div
  className="bottom aligned row"
>
  <div
    className="twelve wide column"
  >
    <div
      className="accordion ui filter-listing"
    >
      <div
        className="title filter-list-header"
        onClick={[Function]}
      >
        <button
          className="ui basic compact right floated button"
          onClick={[Function]}
        >
          <i
            aria-hidden="true"
            className="trash icon"
            onClick={[Function]}
          />
          Reset filters
        </button>
        <div
          className="filter-list-title"
        >
          <svg
            className="icon"
            dangerouslySetInnerHTML={
              Object {
                "__html": undefined,
              }
            }
            onClick={null}
            style={
              Object {
                "fill": "currentColor",
                "height": "18px",
                "width": "auto",
              }
            }
            viewBox=""
            xmlns=""
          />
          Current filters applied
        </div>
      </div>
      <div
        className="content filter-list-content"
      >
        <div
          className="ui inverted divider"
        />
        <div
          className="filter-list"
        >
          <div>
            <div
              className="filter-list-group"
            >
              <div
                className="ui small label"
                onClick={[Function]}
              >
                Document
                <i
                  aria-hidden="true"
                  className="delete icon"
                  onClick={[Function]}
                />
              </div>
              <div
                className="ui small label"
                onClick={[Function]}
              >
                Folder
                <i
                  aria-hidden="true"
                  className="delete icon"
                  onClick={[Function]}
                />
              </div>
            </div>
          </div>
        </div>
      </div>
    </div>
  </div>
</div>
`;
