// Jest Snapshot v1, https://goo.gl/fbAQLP

exports[`RequestPasswordReset renders a RequestPasswordReset component 1`] = `
<div
  id="page-password-reset"
>
  <div
    className="ui container"
  >
    <div
      className="ui container"
    >
      <form
        className="ui form"
        method="post"
        onSubmit={[Function]}
      >
        <div
          className="ui raised segments"
        >
          <div
            className="ui segment"
          >
            <div
              className="ui segment primary"
            >
              Forgot your password?
            </div>
            <div
              className="ui secondary segment"
            >
              For security reasons, we store your password encrypted, and cannot mail it to you. If you would like to reset your password, fill out the form below and we will send you an email at the address you gave when you registered to start the process of resetting your password.
            </div>
            <div
              className="inline required field text"
              id="field-email"
            >
              <div
                className="ui grid"
              >
                <div
                  className="stretched row"
                >
                  <div
                    className="four wide column"
                  >
                    <div
                      className="wrapper"
                    >
                      <label
                        htmlFor="field-email"
                      >
                        My email address is
                      </label>
                    </div>
                  </div>
                  <div
                    className="eight wide column"
                  >
                    <div
                      className="ui input"
                    >
                      <input
                        disabled={false}
                        id="field-email"
                        max={null}
                        maxLength={null}
                        min={null}
                        minLength={null}
                        name="email"
                        onBlur={[Function]}
                        onChange={[Function]}
                        onClick={[Function]}
                        step={null}
                        type="text"
                        value=""
                      />
                    </div>
                  </div>
                </div>
              </div>
            </div>
          </div>
          <div
            className="ui clearing segment actions"
          >
            <button
              aria-label="Save"
              className="ui basic primary right floated button"
              onClick={[Function]}
              title="Save"
              type="submit"
            >
              <svg
                className="icon circled"
                dangerouslySetInnerHTML={
                  Object {
                    "__html": undefined,
                  }
                }
                onClick={null}
                style={
                  Object {
                    "fill": "currentColor",
                    "height": "30px",
                    "width": "auto",
                  }
                }
                viewBox=""
                xmlns=""
              />
            </button>
            <button
              aria-label="Cancel"
              className="ui basic secondary right floated button"
              onClick={[Function]}
              title="Cancel"
            >
              <svg
                className="icon circled"
                dangerouslySetInnerHTML={
                  Object {
                    "__html": undefined,
                  }
                }
                onClick={null}
                style={
                  Object {
                    "fill": "currentColor",
                    "height": "30px",
                    "width": "auto",
                  }
                }
                viewBox=""
                xmlns=""
              />
            </button>
          </div>
        </div>
      </form>
    </div>
  </div>
</div>
`;
