// Jest Snapshot v1, https://goo.gl/fbAQLP

exports[`Comments renders a comments component 1`] = `
<div
  className="ui container comments"
>
  <div
    className="comment"
  >
    <div
      className="ui stackable grid"
    >
      <div
        className="six wide column"
      >
        <span>
          admin
        </span>
         says:
      </div>
      <div
        className="right aligned six wide column"
      >
        <span
          title="Sunday, April 23, 2017 3:38 AM"
        >
          a few seconds ago
        </span>
      </div>
    </div>
    <div
      className="ui clearing segment"
    >
      Some comment
      <button
        aria-label="Delete"
        className="ui red right floated button"
        onClick={[Function]}
        value="someurl"
      >
        Delete
      </button>
      <button
        aria-label="Edit"
        className="ui right floated button"
        onClick={[Function]}
        value={
          Object {
            "id": "someurl",
            "text": "Some comment",
          }
        }
      >
        Edit
      </button>
    </div>
    <br />
  </div>
  <div
    className="ui container"
  >
    <form
      className="ui form"
      method="post"
      onSubmit={[Function]}
    >
      <div
        className="ui raised segments"
      >
        <div
          className="ui segment"
        >
          <div
            className="ui segment primary"
          >
            Comment
          </div>
          <div
            className="inline required field textarea"
            id="field-comment"
          >
            <div
              className="ui grid"
            >
              <div
                className="stretched row"
              >
                <div
                  className="four wide column"
                >
                  <div
                    className="wrapper"
                  >
                    <label
                      htmlFor="field-comment"
                    >
                      Comment
                    </label>
                  </div>
                </div>
                <div
                  className="eight wide column"
                >
                  <textarea
                    disabled={false}
                    id="field-comment"
                    name="comment"
                    onChange={[Function]}
                    onInput={[Function]}
                    rows={3}
                    value=""
                  />
                </div>
              </div>
            </div>
          </div>
        </div>
        <div
          className="ui clearing segment actions"
        >
          <button
            aria-label="Comment"
            className="ui basic primary right floated button"
            onClick={[Function]}
            title="Comment"
            type="submit"
          >
            <svg
              className="icon circled"
              dangerouslySetInnerHTML={
                Object {
                  "__html": undefined,
                }
              }
              onClick={null}
              style={
                Object {
                  "fill": "currentColor",
                  "height": "30px",
                  "width": "auto",
                }
              }
              viewBox=""
              xmlns=""
            />
          </button>
        </div>
      </div>
    </form>
  </div>
</div>
`;
