// Jest Snapshot v1, https://goo.gl/fbAQLP

exports[`renders a view image component 1`] = `
<div
  className="tile slider centered"
>
  <div
    className="slick-slider slick-initialized"
  >
    
    <div
      className="slick-list"
    >
      <div
        className="slick-track"
        onMouseEnter={[Function]}
        onMouseLeave={[Function]}
        onMouseOver={[Function]}
        style={
          Object {
            "WebkitTransform": "translate3d(0px, 0px, 0px)",
            "WebkitTransition": "",
            "msTransform": "translateX(0px)",
            "opacity": 1,
            "transform": "translate3d(0px, 0px, 0px)",
            "transition": "",
          }
        }
      >
        <div
          aria-hidden={false}
          className="slick-slide slick-active slick-current"
          data-index={0}
          onClick={[Function]}
          style={
            Object {
              "outline": "none",
              "width": 0,
            }
          }
          tabIndex="-1"
        >
          <div>
            <div
              style={
                Object {
                  "display": "inline-block",
                  "width": "100%",
                }
              }
              tabIndex={-1}
            >
              <div
                className="slide slide-1"
                style={
                  Object {
                    "background": "linear-gradient(to bottom, rgba(8, 7, 7, 0.57) 0%, rgba(238, 238, 238, 0) 35%, transparent 100%), url(image.jpg) no-repeat",
                    "backgroundSize": "cover",
                  }
                }
              >
                <div
                  className="slide-body-text"
                />
              </div>
            </div>
          </div>
        </div>
      </div>
    </div>
    
    
  </div>
</div>
`;
