// Jest Snapshot v1, https://goo.gl/fbAQLP

exports[`Sharing renders a sharing component 1`] = `
<div
  className="ui container"
  id="page-sharing"
>
  <div
    className="ui raised segments"
  >
    <div
      className="ui segment primary"
    >
      Sharing for 
      <q>
        Blog
      </q>
    </div>
    <div
      className="ui secondary segment"
    >
      You can control who can view and edit your item using the list below.
    </div>
    <div
      className="ui segment"
    >
      <form
        className="ui form"
        onSubmit={[Function]}
      >
        <div
          className="field"
        >
          <div
            className="ui action input"
          >
            <input
              name="SearchableText"
              onChange={[Function]}
              placeholder="Search for user or group"
              type="text"
            />
            <button
              className="ui icon button"
              onClick={[Function]}
            >
              <i
                aria-hidden="true"
                className="search icon"
                onClick={[Function]}
              />
            </button>
          </div>
        </div>
      </form>
    </div>
    <form
      className="ui form"
      onSubmit={[Function]}
    >
      <table
        className="ui celled striped attached padded table"
      >
        <thead
          className=""
        >
          <tr
            className=""
          >
            <th
              className=""
            >
              Name
            </th>
            <th
              className=""
            >
              Can add
            </th>
          </tr>
        </thead>
        <tbody
          className=""
        >
          <tr
            className=""
          >
            <td
              className=""
            >
              <i
                aria-hidden="true"
                className="user icon"
                onClick={[Function]}
                title="User"
              />
               
              John Doe
               (john-doe)
            </td>
            <td
              className=""
            />
          </tr>
        </tbody>
      </table>
      <div
        className="ui attached segment"
      >
        <div
          className="field"
        >
          <div
            className="ui checked checkbox"
            onChange={[Function]}
            onClick={[Function]}
            onMouseDown={[Function]}
            onMouseUp={[Function]}
          >
            <input
              checked={true}
              className="hidden"
              readOnly={true}
              tabIndex={0}
              type="checkbox"
            />
            <label>
              Inherit permissions from higher levels
            </label>
          </div>
        </div>
        <p
          className="help"
        >
          By default, permissions from the container of this item are inherited. If you disable this, only the explicitly defined sharing permissions will be valid. In the overview, the symbol 
          <i
            aria-hidden="true"
            className="green check circle outline icon"
            onClick={[Function]}
          />
           indicates an inherited value. Similarly, the symbol 
          <i
            aria-hidden="true"
            className="blue check circle outline icon"
            onClick={[Function]}
          />
           indicates a global role, which is managed by the site administrator.
        </p>
      </div>
      <div
        className="ui clearing attached segment actions"
      >
        <button
          aria-label="Save"
          className="ui basic primary right floated button"
          onClick={[Function]}
          title="Save"
          type="submit"
        >
          <svg
            className="icon circled"
            dangerouslySetInnerHTML={
              Object {
                "__html": undefined,
              }
            }
            onClick={null}
            style={
              Object {
                "fill": "currentColor",
                "height": "30px",
                "width": "auto",
              }
            }
            viewBox=""
            xmlns=""
          />
        </button>
        <button
          aria-label="Cancel"
          className="ui basic secondary right floated button"
          onClick={[Function]}
          title="Cancel"
        >
          <svg
            className="icon circled"
            dangerouslySetInnerHTML={
              Object {
                "__html": undefined,
              }
            }
            onClick={null}
            style={
              Object {
                "fill": "currentColor",
                "height": "30px",
                "width": "auto",
              }
            }
            viewBox=""
            xmlns=""
          />
        </button>
      </div>
    </form>
  </div>
  <div
    id="Portal"
  />
</div>
`;
