// Jest Snapshot v1, https://goo.gl/fbAQLP

exports[`renders a header component 1`] = `
<div
  className="ui basic segment"
>
  <div
    className="ui container"
  >
    <div
      className="ui stackable grid"
    >
      <div
        className="eight wide column"
      >
        <div />
      </div>
      <div
        className="three wide column"
      >
        <div />
      </div>
      <div
        className="five wide column"
      >
        <div />
      </div>
    </div>
  </div>
</div>
`;
