// Jest Snapshot v1, https://goo.gl/fbAQLP

exports[`ImageFromUrl renders with default values 1`] = `
<img
  alt=""
  loading="lazy"
  role="img"
  sizes={null}
  src="/photo.png/@@images/image"
  srcSet="/photo.png/@@images/image/large 768w, /photo.png/@@images/image/preview 400w, /photo.png/@@images/image/mini 200w, /photo.png/@@images/image/thumb 128w, /photo.png/@@images/image/tile 64w, /photo.png/@@images/image/icon 32w, /photo.png/@@images/image/listing 16w"
/>
`;

exports[`ImageFromUrl renders with props 1`] = `
<img
  alt="Photo"
  className="photo-image"
  loading="lazy"
  role="presentation"
  sizes="400px"
  src="/photo.png/@@images/image/preview"
  srcSet="/photo.png/@@images/image/preview 400w, /photo.png/@@images/image/mini 200w, /photo.png/@@images/image/thumb 128w, /photo.png/@@images/image/tile 64w, /photo.png/@@images/image/icon 32w, /photo.png/@@images/image/listing 16w"
/>
`;
